┏━━━━━━━━━━━━━━━━━━━━━━┳━━━━━━━━━━┳━━━━━━━━━━┳━━━━━━━━━━┳━━━━━━━━━━┳━━━━━━━━━━━┳━━━━━━━━━━┳━━━━━━━━━━━┳━━━━━━━━━━┳━━━━━━━━━━━┳━━━━━━━━━━┳━━━━━━━━━━━┳━━━━━━━━━━┓
┃                      ┃ Hold     ┃ Reg to   ┃          ┃          ┃ of which  ┃ Setup    ┃           ┃          ┃           ┃ of which ┃           ┃          ┃
┃                      ┃ Worst    ┃ Reg      ┃          ┃ Hold Vio ┃ reg to    ┃ Worst    ┃ Reg to    ┃ Setup    ┃ Setup Vio ┃ reg to   ┃ Max Cap   ┃ Max Slew ┃
┃ Corner/Group         ┃ Slack    ┃ Paths    ┃ Hold TNS ┃ Count    ┃ reg       ┃ Slack    ┃ Reg Paths ┃ TNS      ┃ Count     ┃ reg      ┃ Violatio… ┃ Violati… ┃
┡━━━━━━━━━━━━━━━━━━━━━━╇━━━━━━━━━━╇━━━━━━━━━━╇━━━━━━━━━━╇━━━━━━━━━━╇━━━━━━━━━━━╇━━━━━━━━━━╇━━━━━━━━━━━╇━━━━━━━━━━╇━━━━━━━━━━━╇━━━━━━━━━━╇━━━━━━━━━━━╇━━━━━━━━━━┩
│ Overall              │ 0.2884   │ 0.2884   │ 0.0000   │ 0        │ 0         │ 3.8484   │ 71.8686   │ 0.0000   │ 0         │ 0        │ 89        │ 0        │
│ nom_tt_025C_5v00     │ 0.6888   │ 0.6888   │ 0.0000   │ 0        │ 0         │ 16.3962  │ 94.3186   │ 0.0000   │ 0         │ 0        │ 88        │ 0        │
│ nom_ss_125C_4v50     │ 1.5372   │ 1.5372   │ 0.0000   │ 0        │ 0         │ 4.5981   │ 72.7043   │ 0.0000   │ 0         │ 0        │ 88        │ 0        │
│ nom_ff_n40C_5v50     │ 0.3098   │ 0.3098   │ 0.0000   │ 0        │ 0         │ 21.7026  │ 103.8886  │ 0.0000   │ 0         │ 0        │ 88        │ 0        │
│ min_tt_025C_5v00     │ 0.6757   │ 0.6757   │ 0.0000   │ 0        │ 0         │ 16.7689  │ 94.7122   │ 0.0000   │ 0         │ 0        │ 88        │ 0        │
│ min_ss_125C_4v50     │ 1.5130   │ 1.5130   │ 0.0000   │ 0        │ 0         │ 5.2342   │ 73.3987   │ 0.0000   │ 0         │ 0        │ 88        │ 0        │
│ min_ff_n40C_5v50     │ 0.2884   │ 0.2884   │ 0.0000   │ 0        │ 0         │ 21.9541  │ 104.1417  │ 0.0000   │ 0         │ 0        │ 88        │ 0        │
│ max_tt_025C_5v00     │ 0.7044   │ 0.7044   │ 0.0000   │ 0        │ 0         │ 15.9568  │ 93.8502   │ 0.0000   │ 0         │ 0        │ 89        │ 0        │
│ max_ss_125C_4v50     │ 1.5662   │ 1.5662   │ 0.0000   │ 0        │ 0         │ 3.8484   │ 71.8686   │ 0.0000   │ 0         │ 0        │ 89        │ 0        │
│ max_ff_n40C_5v50     │ 0.3191   │ 0.3191   │ 0.0000   │ 0        │ 0         │ 21.4062  │ 103.5846  │ 0.0000   │ 0         │ 0        │ 89        │ 0        │
└──────────────────────┴──────────┴──────────┴──────────┴──────────┴───────────┴──────────┴───────────┴──────────┴───────────┴──────────┴───────────┴──────────┘
